// Jest Snapshot v1, https://goo.gl/fbAQLP

exports[`App should have snapshot 1`] = `
<div
  className="page"
>
  <div
    className="interactions"
  >
    <div
      className="bind"
    >
      <button
        onClick={[Function]}
        type="button"
      >
        Press here!
      </button>
    </div>
    <form
      onSubmit={[Function]}
    >
      <input
        onChange={[Function]}
        type="text"
        value="redux"
      />
      <button
        onClick={[Function]}
        type="submit"
      />
    </form>
  </div>
  <div
    className="table"
  />
  <div
    className="interactions"
  >
    <button
      className=""
      onClick={[Function]}
      type="button"
    >
      More stories
    </button>
  </div>
</div>
`;
